// Jest Snapshot v1, https://goo.gl/fbAQLP

exports[`snapshot 1`] = `
<div
  className="App"
>
  <header
    aria-label="This page represent the NAB code challenge"
    data-testid="ut-app-header"
  >
    This is the NAB code challenge.
  </header>
  <div
    className="spinner"
  >
    <div
      className="MuiCircularProgress-root MuiCircularProgress-colorPrimary MuiCircularProgress-indeterminate"
      role="progressbar"
      style={
        Object {
          "height": 40,
          "width": 40,
        }
      }
    >
      <svg
        className="MuiCircularProgress-svg"
        viewBox="22 22 44 44"
      >
        <circle
          className="MuiCircularProgress-circle MuiCircularProgress-circleIndeterminate"
          cx={44}
          cy={44}
          fill="none"
          r={20.2}
          strokeWidth={3.6}
          style={Object {}}
        />
      </svg>
    </div>
  </div>
</div>
`;
